Reduced run: 15000 consumers, 600 merchants, 520 scenarios (13 families x 40)
=== Generating Stage 5 training dataset ===
Checking if baseline Stage 2 exists and matches settings at /home/sharkyi/Desktop/Chakravyuh/data/generated/stage5/baseline/stage2...
Using existing Stage 2 baseline.
Adaptive attack config derived from prior model: {'adaptive_volume_splitting': True, 'beneficiary_age_floor_s': 50578560, 'adaptive_sleeper': True}
Layering attack: scam_induced_push (seed=101000, intensity=MEDIUM)...
Layering attack: scam_induced_push (seed=101001, intensity=MEDIUM)...
Layering attack: scam_induced_push (seed=101002, intensity=MEDIUM)...
Layering attack: scam_induced_push (seed=101003, intensity=MEDIUM)...
Layering attack: scam_induced_push (seed=101004, intensity=MEDIUM)...
Layering attack: scam_induced_push (seed=101005, intensity=MEDIUM)...
Layering attack: scam_induced_push (seed=101006, intensity=MEDIUM)...
Layering attack: scam_induced_push (seed=101007, intensity=MEDIUM)...
Layering attack: scam_induced_push (seed=101008, intensity=MEDIUM)...
Layering attack: scam_induced_push (seed=101009, intensity=MEDIUM)...
Layering attack: scam_induced_push (seed=101010, intensity=MEDIUM)...
Layering attack: scam_induced_push (seed=101011, intensity=MEDIUM)...
Layering attack: scam_induced_push (seed=101012, intensity=MEDIUM)...
Layering attack: scam_induced_push (seed=101013, intensity=MEDIUM)...
Layering attack: scam_induced_push (seed=101014, intensity=MEDIUM)...
Layering attack: scam_induced_push (seed=101015, intensity=MEDIUM)...
Layering attack: scam_induced_push (seed=101016, intensity=MEDIUM)...
Layering attack: scam_induced_push (seed=101017, intensity=MEDIUM)...
Layering attack: scam_induced_push (seed=101018, intensity=MEDIUM)...
Layering attack: scam_induced_push (seed=101019, intensity=MEDIUM)...
Layering attack: scam_induced_push (seed=101020, intensity=MEDIUM)...
Layering attack: scam_induced_push (seed=101021, intensity=MEDIUM)...
Layering attack: scam_induced_push (seed=101022, intensity=MEDIUM)...
Layering attack: scam_induced_push (seed=101023, intensity=MEDIUM)...
Layering attack: scam_induced_push (seed=101024, intensity=MEDIUM)...
Layering attack: scam_induced_push (seed=101025, intensity=MEDIUM)...
Layering attack: scam_induced_push (seed=101026, intensity=MEDIUM)...
Layering attack: scam_induced_push (seed=101027, intensity=MEDIUM)...
Layering attack: scam_induced_push (seed=101028, intensity=MEDIUM)...
Layering attack: scam_induced_push (seed=101029, intensity=MEDIUM)...
Layering attack: scam_induced_push (seed=101030, intensity=MEDIUM)...
Layering attack: scam_induced_push (seed=101031, intensity=MEDIUM)...
Layering attack: scam_induced_push (seed=101032, intensity=MEDIUM)...
Layering attack: scam_induced_push (seed=101033, intensity=MEDIUM)...
Layering attack: scam_induced_push (seed=101034, intensity=MEDIUM)...
Layering attack: scam_induced_push (seed=101035, intensity=MEDIUM)...
Layering attack: scam_induced_push (seed=101036, intensity=MEDIUM)...
Layering attack: scam_induced_push (seed=101037, intensity=MEDIUM)...
Layering attack: scam_induced_push (seed=101038, intensity=MEDIUM)...
Layering attack: scam_induced_push (seed=101039, intensity=MEDIUM)...
Layering attack: mule_network (seed=102000, intensity=MEDIUM)...
Layering attack: mule_network (seed=102001, intensity=MEDIUM)...
Layering attack: mule_network (seed=102002, intensity=MEDIUM)...
Layering attack: mule_network (seed=102003, intensity=MEDIUM)...
Layering attack: mule_network (seed=102004, intensity=MEDIUM)...
Layering attack: mule_network (seed=102005, intensity=MEDIUM)...
Layering attack: mule_network (seed=102006, intensity=MEDIUM)...
Layering attack: mule_network (seed=102007, intensity=MEDIUM)...
Layering attack: mule_network (seed=102008, intensity=MEDIUM)...
Layering attack: mule_network (seed=102009, intensity=MEDIUM)...
Layering attack: mule_network (seed=102010, intensity=MEDIUM)...
Layering attack: mule_network (seed=102011, intensity=MEDIUM)...
Layering attack: mule_network (seed=102012, intensity=MEDIUM)...
Layering attack: mule_network (seed=102013, intensity=MEDIUM)...
Layering attack: mule_network (seed=102014, intensity=MEDIUM)...
Layering attack: mule_network (seed=102015, intensity=MEDIUM)...
Layering attack: mule_network (seed=102016, intensity=MEDIUM)...
Layering attack: mule_network (seed=102017, intensity=MEDIUM)...
Layering attack: mule_network (seed=102018, intensity=MEDIUM)...
Layering attack: mule_network (seed=102019, intensity=MEDIUM)...
Layering attack: mule_network (seed=102020, intensity=MEDIUM)...
Layering attack: mule_network (seed=102021, intensity=MEDIUM)...
Layering attack: mule_network (seed=102022, intensity=MEDIUM)...
Layering attack: mule_network (seed=102023, intensity=MEDIUM)...
Layering attack: mule_network (seed=102024, intensity=MEDIUM)...
Layering attack: mule_network (seed=102025, intensity=MEDIUM)...
Layering attack: mule_network (seed=102026, intensity=MEDIUM)...
Layering attack: mule_network (seed=102027, intensity=MEDIUM)...
Layering attack: mule_network (seed=102028, intensity=MEDIUM)...
Layering attack: mule_network (seed=102029, intensity=MEDIUM)...
Layering attack: mule_network (seed=102030, intensity=MEDIUM)...
Layering attack: mule_network (seed=102031, intensity=MEDIUM)...
Layering attack: mule_network (seed=102032, intensity=MEDIUM)...
Layering attack: mule_network (seed=102033, intensity=MEDIUM)...
Layering attack: mule_network (seed=102034, intensity=MEDIUM)...
Layering attack: mule_network (seed=102035, intensity=MEDIUM)...
Layering attack: mule_network (seed=102036, intensity=MEDIUM)...
Layering attack: mule_network (seed=102037, intensity=MEDIUM)...
Layering attack: mule_network (seed=102038, intensity=MEDIUM)...
Layering attack: mule_network (seed=102039, intensity=MEDIUM)...
Layering attack: card_testing_probe (seed=103000, intensity=MEDIUM)...
Layering attack: card_testing_probe (seed=103001, intensity=MEDIUM)...
Layering attack: card_testing_probe (seed=103002, intensity=MEDIUM)...
Layering attack: card_testing_probe (seed=103003, intensity=MEDIUM)...
Layering attack: card_testing_probe (seed=103004, intensity=MEDIUM)...
Layering attack: card_testing_probe (seed=103005, intensity=MEDIUM)...
Layering attack: card_testing_probe (seed=103006, intensity=MEDIUM)...
Layering attack: card_testing_probe (seed=103007, intensity=MEDIUM)...
Layering attack: card_testing_probe (seed=103008, intensity=MEDIUM)...
Layering attack: card_testing_probe (seed=103009, intensity=MEDIUM)...
Layering attack: card_testing_probe (seed=103010, intensity=MEDIUM)...
Layering attack: card_testing_probe (seed=103011, intensity=MEDIUM)...
Layering attack: card_testing_probe (seed=103012, intensity=MEDIUM)...
Layering attack: card_testing_probe (seed=103013, intensity=MEDIUM)...
Layering attack: card_testing_probe (seed=103014, intensity=MEDIUM)...
Layering attack: card_testing_probe (seed=103015, intensity=MEDIUM)...
Layering attack: card_testing_probe (seed=103016, intensity=MEDIUM)...
Layering attack: card_testing_probe (seed=103017, intensity=MEDIUM)...
Layering attack: card_testing_probe (seed=103018, intensity=MEDIUM)...
Layering attack: card_testing_probe (seed=103019, intensity=MEDIUM)...
Layering attack: card_testing_probe (seed=103020, intensity=MEDIUM)...
Layering attack: card_testing_probe (seed=103021, intensity=MEDIUM)...
Layering attack: card_testing_probe (seed=103022, intensity=MEDIUM)...
Layering attack: card_testing_probe (seed=103023, intensity=MEDIUM)...
Layering attack: card_testing_probe (seed=103024, intensity=MEDIUM)...
Layering attack: card_testing_probe (seed=103025, intensity=MEDIUM)...
Layering attack: card_testing_probe (seed=103026, intensity=MEDIUM)...
Layering attack: card_testing_probe (seed=103027, intensity=MEDIUM)...
Layering attack: card_testing_probe (seed=103028, intensity=MEDIUM)...
Layering attack: card_testing_probe (seed=103029, intensity=MEDIUM)...
Layering attack: card_testing_probe (seed=103030, intensity=MEDIUM)...
Layering attack: card_testing_probe (seed=103031, intensity=MEDIUM)...
Layering attack: card_testing_probe (seed=103032, intensity=MEDIUM)...
Layering attack: card_testing_probe (seed=103033, intensity=MEDIUM)...
Layering attack: card_testing_probe (seed=103034, intensity=MEDIUM)...
Layering attack: card_testing_probe (seed=103035, intensity=MEDIUM)...
Layering attack: card_testing_probe (seed=103036, intensity=MEDIUM)...
Layering attack: card_testing_probe (seed=103037, intensity=MEDIUM)...
Layering attack: card_testing_probe (seed=103038, intensity=MEDIUM)...
Layering attack: card_testing_probe (seed=103039, intensity=MEDIUM)...
Layering attack: adversarial_evasion (seed=104000, intensity=MEDIUM)...
Layering attack: adversarial_evasion (seed=104001, intensity=MEDIUM)...
Layering attack: adversarial_evasion (seed=104002, intensity=MEDIUM)...
Layering attack: adversarial_evasion (seed=104003, intensity=MEDIUM)...
Layering attack: adversarial_evasion (seed=104004, intensity=MEDIUM)...
Layering attack: adversarial_evasion (seed=104005, intensity=MEDIUM)...
Layering attack: adversarial_evasion (seed=104006, intensity=MEDIUM)...
Layering attack: adversarial_evasion (seed=104007, intensity=MEDIUM)...
Layering attack: adversarial_evasion (seed=104008, intensity=MEDIUM)...
Layering attack: adversarial_evasion (seed=104009, intensity=MEDIUM)...
Layering attack: adversarial_evasion (seed=104010, intensity=MEDIUM)...
Layering attack: adversarial_evasion (seed=104011, intensity=MEDIUM)...
Layering attack: adversarial_evasion (seed=104012, intensity=MEDIUM)...
Layering attack: adversarial_evasion (seed=104013, intensity=MEDIUM)...
Layering attack: adversarial_evasion (seed=104014, intensity=MEDIUM)...
Layering attack: adversarial_evasion (seed=104015, intensity=MEDIUM)...
Layering attack: adversarial_evasion (seed=104016, intensity=MEDIUM)...
Layering attack: adversarial_evasion (seed=104017, intensity=MEDIUM)...
Layering attack: adversarial_evasion (seed=104018, intensity=MEDIUM)...
Layering attack: adversarial_evasion (seed=104019, intensity=MEDIUM)...
Layering attack: adversarial_evasion (seed=104020, intensity=MEDIUM)...
Layering attack: adversarial_evasion (seed=104021, intensity=MEDIUM)...
Layering attack: adversarial_evasion (seed=104022, intensity=MEDIUM)...
Layering attack: adversarial_evasion (seed=104023, intensity=MEDIUM)...
Layering attack: adversarial_evasion (seed=104024, intensity=MEDIUM)...
Layering attack: adversarial_evasion (seed=104025, intensity=MEDIUM)...
Layering attack: adversarial_evasion (seed=104026, intensity=MEDIUM)...
Layering attack: adversarial_evasion (seed=104027, intensity=MEDIUM)...
Layering attack: adversarial_evasion (seed=104028, intensity=MEDIUM)...
Layering attack: adversarial_evasion (seed=104029, intensity=MEDIUM)...
Layering attack: adversarial_evasion (seed=104030, intensity=MEDIUM)...
Layering attack: adversarial_evasion (seed=104031, intensity=MEDIUM)...
Layering attack: adversarial_evasion (seed=104032, intensity=MEDIUM)...
Layering attack: adversarial_evasion (seed=104033, intensity=MEDIUM)...
Layering attack: adversarial_evasion (seed=104034, intensity=MEDIUM)...
Layering attack: adversarial_evasion (seed=104035, intensity=MEDIUM)...
Layering attack: adversarial_evasion (seed=104036, intensity=MEDIUM)...
Layering attack: adversarial_evasion (seed=104037, intensity=MEDIUM)...
Layering attack: adversarial_evasion (seed=104038, intensity=MEDIUM)...
Layering attack: adversarial_evasion (seed=104039, intensity=MEDIUM)...
Layering attack: first_party_dispute (seed=105000, intensity=MEDIUM)...
Layering attack: first_party_dispute (seed=105001, intensity=MEDIUM)...
Layering attack: first_party_dispute (seed=105002, intensity=MEDIUM)...
Layering attack: first_party_dispute (seed=105003, intensity=MEDIUM)...
Layering attack: first_party_dispute (seed=105004, intensity=MEDIUM)...
Layering attack: first_party_dispute (seed=105005, intensity=MEDIUM)...
Layering attack: first_party_dispute (seed=105006, intensity=MEDIUM)...
Layering attack: first_party_dispute (seed=105007, intensity=MEDIUM)...
Layering attack: first_party_dispute (seed=105008, intensity=MEDIUM)...
Layering attack: first_party_dispute (seed=105009, intensity=MEDIUM)...
Layering attack: first_party_dispute (seed=105010, intensity=MEDIUM)...
Layering attack: first_party_dispute (seed=105011, intensity=MEDIUM)...
Layering attack: first_party_dispute (seed=105012, intensity=MEDIUM)...
Layering attack: first_party_dispute (seed=105013, intensity=MEDIUM)...
Layering attack: first_party_dispute (seed=105014, intensity=MEDIUM)...
Layering attack: first_party_dispute (seed=105015, intensity=MEDIUM)...
Layering attack: first_party_dispute (seed=105016, intensity=MEDIUM)...
Layering attack: first_party_dispute (seed=105017, intensity=MEDIUM)...
Layering attack: first_party_dispute (seed=105018, intensity=MEDIUM)...
Layering attack: first_party_dispute (seed=105019, intensity=MEDIUM)...
Layering attack: first_party_dispute (seed=105020, intensity=MEDIUM)...
Layering attack: first_party_dispute (seed=105021, intensity=MEDIUM)...
Layering attack: first_party_dispute (seed=105022, intensity=MEDIUM)...
Layering attack: first_party_dispute (seed=105023, intensity=MEDIUM)...
Layering attack: first_party_dispute (seed=105024, intensity=MEDIUM)...
Layering attack: first_party_dispute (seed=105025, intensity=MEDIUM)...
Layering attack: first_party_dispute (seed=105026, intensity=MEDIUM)...
Layering attack: first_party_dispute (seed=105027, intensity=MEDIUM)...
Layering attack: first_party_dispute (seed=105028, intensity=MEDIUM)...
Layering attack: first_party_dispute (seed=105029, intensity=MEDIUM)...
Layering attack: first_party_dispute (seed=105030, intensity=MEDIUM)...
Layering attack: first_party_dispute (seed=105031, intensity=MEDIUM)...
Layering attack: first_party_dispute (seed=105032, intensity=MEDIUM)...
Layering attack: first_party_dispute (seed=105033, intensity=MEDIUM)...
Layering attack: first_party_dispute (seed=105034, intensity=MEDIUM)...
Layering attack: first_party_dispute (seed=105035, intensity=MEDIUM)...
Layering attack: first_party_dispute (seed=105036, intensity=MEDIUM)...
Layering attack: first_party_dispute (seed=105037, intensity=MEDIUM)...
Layering attack: first_party_dispute (seed=105038, intensity=MEDIUM)...
Layering attack: first_party_dispute (seed=105039, intensity=MEDIUM)...
Layering attack: stealth_mandate (seed=106000, intensity=MEDIUM)...
Layering attack: stealth_mandate (seed=106001, intensity=MEDIUM)...
Layering attack: stealth_mandate (seed=106002, intensity=MEDIUM)...
Layering attack: stealth_mandate (seed=106003, intensity=MEDIUM)...
Layering attack: stealth_mandate (seed=106004, intensity=MEDIUM)...
Layering attack: stealth_mandate (seed=106005, intensity=MEDIUM)...
Layering attack: stealth_mandate (seed=106006, intensity=MEDIUM)...
Layering attack: stealth_mandate (seed=106007, intensity=MEDIUM)...
Layering attack: stealth_mandate (seed=106008, intensity=MEDIUM)...
Layering attack: stealth_mandate (seed=106009, intensity=MEDIUM)...
Layering attack: stealth_mandate (seed=106010, intensity=MEDIUM)...
Layering attack: stealth_mandate (seed=106011, intensity=MEDIUM)...
Layering attack: stealth_mandate (seed=106012, intensity=MEDIUM)...
Layering attack: stealth_mandate (seed=106013, intensity=MEDIUM)...
Layering attack: stealth_mandate (seed=106014, intensity=MEDIUM)...
Layering attack: stealth_mandate (seed=106015, intensity=MEDIUM)...
Layering attack: stealth_mandate (seed=106016, intensity=MEDIUM)...
Layering attack: stealth_mandate (seed=106017, intensity=MEDIUM)...
Layering attack: stealth_mandate (seed=106018, intensity=MEDIUM)...
Layering attack: stealth_mandate (seed=106019, intensity=MEDIUM)...
Layering attack: stealth_mandate (seed=106020, intensity=MEDIUM)...
Layering attack: stealth_mandate (seed=106021, intensity=MEDIUM)...
Layering attack: stealth_mandate (seed=106022, intensity=MEDIUM)...
Layering attack: stealth_mandate (seed=106023, intensity=MEDIUM)...
Layering attack: stealth_mandate (seed=106024, intensity=MEDIUM)...
Layering attack: stealth_mandate (seed=106025, intensity=MEDIUM)...
Layering attack: stealth_mandate (seed=106026, intensity=MEDIUM)...
Layering attack: stealth_mandate (seed=106027, intensity=MEDIUM)...
Layering attack: stealth_mandate (seed=106028, intensity=MEDIUM)...
Layering attack: stealth_mandate (seed=106029, intensity=MEDIUM)...
Layering attack: stealth_mandate (seed=106030, intensity=MEDIUM)...
Layering attack: stealth_mandate (seed=106031, intensity=MEDIUM)...
Layering attack: stealth_mandate (seed=106032, intensity=MEDIUM)...
Layering attack: stealth_mandate (seed=106033, intensity=MEDIUM)...
Layering attack: stealth_mandate (seed=106034, intensity=MEDIUM)...
Layering attack: stealth_mandate (seed=106035, intensity=MEDIUM)...
Layering attack: stealth_mandate (seed=106036, intensity=MEDIUM)...
Layering attack: stealth_mandate (seed=106037, intensity=MEDIUM)...
Layering attack: stealth_mandate (seed=106038, intensity=MEDIUM)...
Layering attack: stealth_mandate (seed=106039, intensity=MEDIUM)...
Layering attack: synthetic_merchant (seed=107000, intensity=MEDIUM)...
Layering attack: synthetic_merchant (seed=107001, intensity=MEDIUM)...
Layering attack: synthetic_merchant (seed=107002, intensity=MEDIUM)...
Layering attack: synthetic_merchant (seed=107003, intensity=MEDIUM)...
Layering attack: synthetic_merchant (seed=107004, intensity=MEDIUM)...
Layering attack: synthetic_merchant (seed=107005, intensity=MEDIUM)...
Layering attack: synthetic_merchant (seed=107006, intensity=MEDIUM)...
Layering attack: synthetic_merchant (seed=107007, intensity=MEDIUM)...
Layering attack: synthetic_merchant (seed=107008, intensity=MEDIUM)...
Layering attack: synthetic_merchant (seed=107009, intensity=MEDIUM)...
Layering attack: synthetic_merchant (seed=107010, intensity=MEDIUM)...
Layering attack: synthetic_merchant (seed=107011, intensity=MEDIUM)...
Layering attack: synthetic_merchant (seed=107012, intensity=MEDIUM)...
Layering attack: synthetic_merchant (seed=107013, intensity=MEDIUM)...
Layering attack: synthetic_merchant (seed=107014, intensity=MEDIUM)...
Layering attack: synthetic_merchant (seed=107015, intensity=MEDIUM)...
Layering attack: synthetic_merchant (seed=107016, intensity=MEDIUM)...
Layering attack: synthetic_merchant (seed=107017, intensity=MEDIUM)...
Layering attack: synthetic_merchant (seed=107018, intensity=MEDIUM)...
Layering attack: synthetic_merchant (seed=107019, intensity=MEDIUM)...
Layering attack: synthetic_merchant (seed=107020, intensity=MEDIUM)...
Layering attack: synthetic_merchant (seed=107021, intensity=MEDIUM)...
Layering attack: synthetic_merchant (seed=107022, intensity=MEDIUM)...
Layering attack: synthetic_merchant (seed=107023, intensity=MEDIUM)...
Layering attack: synthetic_merchant (seed=107024, intensity=MEDIUM)...
Layering attack: synthetic_merchant (seed=107025, intensity=MEDIUM)...
Layering attack: synthetic_merchant (seed=107026, intensity=MEDIUM)...
Layering attack: synthetic_merchant (seed=107027, intensity=MEDIUM)...
Layering attack: synthetic_merchant (seed=107028, intensity=MEDIUM)...
Layering attack: synthetic_merchant (seed=107029, intensity=MEDIUM)...
Layering attack: synthetic_merchant (seed=107030, intensity=MEDIUM)...
Layering attack: synthetic_merchant (seed=107031, intensity=MEDIUM)...
Layering attack: synthetic_merchant (seed=107032, intensity=MEDIUM)...
Layering attack: synthetic_merchant (seed=107033, intensity=MEDIUM)...
Layering attack: synthetic_merchant (seed=107034, intensity=MEDIUM)...
Layering attack: synthetic_merchant (seed=107035, intensity=MEDIUM)...
Layering attack: synthetic_merchant (seed=107036, intensity=MEDIUM)...
Layering attack: synthetic_merchant (seed=107037, intensity=MEDIUM)...
Layering attack: synthetic_merchant (seed=107038, intensity=MEDIUM)...
Layering attack: synthetic_merchant (seed=107039, intensity=MEDIUM)...
Layering attack: transaction_laundering (seed=108000, intensity=MEDIUM)...
Layering attack: transaction_laundering (seed=108001, intensity=MEDIUM)...
Layering attack: transaction_laundering (seed=108002, intensity=MEDIUM)...
Layering attack: transaction_laundering (seed=108003, intensity=MEDIUM)...
Layering attack: transaction_laundering (seed=108004, intensity=MEDIUM)...
Layering attack: transaction_laundering (seed=108005, intensity=MEDIUM)...
Layering attack: transaction_laundering (seed=108006, intensity=MEDIUM)...
Layering attack: transaction_laundering (seed=108007, intensity=MEDIUM)...
Layering attack: transaction_laundering (seed=108008, intensity=MEDIUM)...
Layering attack: transaction_laundering (seed=108009, intensity=MEDIUM)...
Layering attack: transaction_laundering (seed=108010, intensity=MEDIUM)...
Layering attack: transaction_laundering (seed=108011, intensity=MEDIUM)...
Layering attack: transaction_laundering (seed=108012, intensity=MEDIUM)...
Layering attack: transaction_laundering (seed=108013, intensity=MEDIUM)...
Layering attack: transaction_laundering (seed=108014, intensity=MEDIUM)...
Layering attack: transaction_laundering (seed=108015, intensity=MEDIUM)...
Layering attack: transaction_laundering (seed=108016, intensity=MEDIUM)...
Layering attack: transaction_laundering (seed=108017, intensity=MEDIUM)...
Layering attack: transaction_laundering (seed=108018, intensity=MEDIUM)...
Layering attack: transaction_laundering (seed=108019, intensity=MEDIUM)...
Layering attack: transaction_laundering (seed=108020, intensity=MEDIUM)...
Layering attack: transaction_laundering (seed=108021, intensity=MEDIUM)...
Layering attack: transaction_laundering (seed=108022, intensity=MEDIUM)...
Layering attack: transaction_laundering (seed=108023, intensity=MEDIUM)...
Layering attack: transaction_laundering (seed=108024, intensity=MEDIUM)...
Layering attack: transaction_laundering (seed=108025, intensity=MEDIUM)...
Layering attack: transaction_laundering (seed=108026, intensity=MEDIUM)...
Layering attack: transaction_laundering (seed=108027, intensity=MEDIUM)...
Layering attack: transaction_laundering (seed=108028, intensity=MEDIUM)...
Layering attack: transaction_laundering (seed=108029, intensity=MEDIUM)...
Layering attack: transaction_laundering (seed=108030, intensity=MEDIUM)...
Layering attack: transaction_laundering (seed=108031, intensity=MEDIUM)...
Layering attack: transaction_laundering (seed=108032, intensity=MEDIUM)...
Layering attack: transaction_laundering (seed=108033, intensity=MEDIUM)...
Layering attack: transaction_laundering (seed=108034, intensity=MEDIUM)...
Layering attack: transaction_laundering (seed=108035, intensity=MEDIUM)...
Layering attack: transaction_laundering (seed=108036, intensity=MEDIUM)...
Layering attack: transaction_laundering (seed=108037, intensity=MEDIUM)...
Layering attack: transaction_laundering (seed=108038, intensity=MEDIUM)...
Layering attack: transaction_laundering (seed=108039, intensity=MEDIUM)...
Layering attack: credential_takeover (seed=109000, intensity=MEDIUM)...
Layering attack: credential_takeover (seed=109001, intensity=MEDIUM)...
Layering attack: credential_takeover (seed=109002, intensity=MEDIUM)...
Layering attack: credential_takeover (seed=109003, intensity=MEDIUM)...
Layering attack: credential_takeover (seed=109004, intensity=MEDIUM)...
Layering attack: credential_takeover (seed=109005, intensity=MEDIUM)...
Layering attack: credential_takeover (seed=109006, intensity=MEDIUM)...
Layering attack: credential_takeover (seed=109007, intensity=MEDIUM)...
Layering attack: credential_takeover (seed=109008, intensity=MEDIUM)...
Layering attack: credential_takeover (seed=109009, intensity=MEDIUM)...
Layering attack: credential_takeover (seed=109010, intensity=MEDIUM)...
Layering attack: credential_takeover (seed=109011, intensity=MEDIUM)...
Layering attack: credential_takeover (seed=109012, intensity=MEDIUM)...
Layering attack: credential_takeover (seed=109013, intensity=MEDIUM)...
Layering attack: credential_takeover (seed=109014, intensity=MEDIUM)...
Layering attack: credential_takeover (seed=109015, intensity=MEDIUM)...
Layering attack: credential_takeover (seed=109016, intensity=MEDIUM)...
Layering attack: credential_takeover (seed=109017, intensity=MEDIUM)...
Layering attack: credential_takeover (seed=109018, intensity=MEDIUM)...
Layering attack: credential_takeover (seed=109019, intensity=MEDIUM)...
Layering attack: credential_takeover (seed=109020, intensity=MEDIUM)...
Layering attack: credential_takeover (seed=109021, intensity=MEDIUM)...
Layering attack: credential_takeover (seed=109022, intensity=MEDIUM)...
Layering attack: credential_takeover (seed=109023, intensity=MEDIUM)...
Layering attack: credential_takeover (seed=109024, intensity=MEDIUM)...
Layering attack: credential_takeover (seed=109025, intensity=MEDIUM)...
Layering attack: credential_takeover (seed=109026, intensity=MEDIUM)...
Layering attack: credential_takeover (seed=109027, intensity=MEDIUM)...
Layering attack: credential_takeover (seed=109028, intensity=MEDIUM)...
Layering attack: credential_takeover (seed=109029, intensity=MEDIUM)...
Layering attack: credential_takeover (seed=109030, intensity=MEDIUM)...
Layering attack: credential_takeover (seed=109031, intensity=MEDIUM)...
Layering attack: credential_takeover (seed=109032, intensity=MEDIUM)...
Layering attack: credential_takeover (seed=109033, intensity=MEDIUM)...
Layering attack: credential_takeover (seed=109034, intensity=MEDIUM)...
Layering attack: credential_takeover (seed=109035, intensity=MEDIUM)...
Layering attack: credential_takeover (seed=109036, intensity=MEDIUM)...
Layering attack: credential_takeover (seed=109037, intensity=MEDIUM)...
Layering attack: credential_takeover (seed=109038, intensity=MEDIUM)...
Layering attack: credential_takeover (seed=109039, intensity=MEDIUM)...
Layering attack: synthetic_identity_bustout (seed=110000, intensity=MEDIUM)...
Layering attack: synthetic_identity_bustout (seed=110001, intensity=MEDIUM)...
Layering attack: synthetic_identity_bustout (seed=110002, intensity=MEDIUM)...
Layering attack: synthetic_identity_bustout (seed=110003, intensity=MEDIUM)...
Layering attack: synthetic_identity_bustout (seed=110004, intensity=MEDIUM)...
Layering attack: synthetic_identity_bustout (seed=110005, intensity=MEDIUM)...
Layering attack: synthetic_identity_bustout (seed=110006, intensity=MEDIUM)...
Layering attack: synthetic_identity_bustout (seed=110007, intensity=MEDIUM)...
Layering attack: synthetic_identity_bustout (seed=110008, intensity=MEDIUM)...
Layering attack: synthetic_identity_bustout (seed=110009, intensity=MEDIUM)...
Layering attack: synthetic_identity_bustout (seed=110010, intensity=MEDIUM)...
Layering attack: synthetic_identity_bustout (seed=110011, intensity=MEDIUM)...
Layering attack: synthetic_identity_bustout (seed=110012, intensity=MEDIUM)...
Layering attack: synthetic_identity_bustout (seed=110013, intensity=MEDIUM)...
Layering attack: synthetic_identity_bustout (seed=110014, intensity=MEDIUM)...
Layering attack: synthetic_identity_bustout (seed=110015, intensity=MEDIUM)...
Layering attack: synthetic_identity_bustout (seed=110016, intensity=MEDIUM)...
Layering attack: synthetic_identity_bustout (seed=110017, intensity=MEDIUM)...
Layering attack: synthetic_identity_bustout (seed=110018, intensity=MEDIUM)...
Layering attack: synthetic_identity_bustout (seed=110019, intensity=MEDIUM)...
Layering attack: synthetic_identity_bustout (seed=110020, intensity=MEDIUM)...
Layering attack: synthetic_identity_bustout (seed=110021, intensity=MEDIUM)...
Layering attack: synthetic_identity_bustout (seed=110022, intensity=MEDIUM)...
Layering attack: synthetic_identity_bustout (seed=110023, intensity=MEDIUM)...
Layering attack: synthetic_identity_bustout (seed=110024, intensity=MEDIUM)...
Layering attack: synthetic_identity_bustout (seed=110025, intensity=MEDIUM)...
Layering attack: synthetic_identity_bustout (seed=110026, intensity=MEDIUM)...
Layering attack: synthetic_identity_bustout (seed=110027, intensity=MEDIUM)...
Layering attack: synthetic_identity_bustout (seed=110028, intensity=MEDIUM)...
Layering attack: synthetic_identity_bustout (seed=110029, intensity=MEDIUM)...
Layering attack: synthetic_identity_bustout (seed=110030, intensity=MEDIUM)...
Layering attack: synthetic_identity_bustout (seed=110031, intensity=MEDIUM)...
Layering attack: synthetic_identity_bustout (seed=110032, intensity=MEDIUM)...
Layering attack: synthetic_identity_bustout (seed=110033, intensity=MEDIUM)...
Layering attack: synthetic_identity_bustout (seed=110034, intensity=MEDIUM)...
Layering attack: synthetic_identity_bustout (seed=110035, intensity=MEDIUM)...
Layering attack: synthetic_identity_bustout (seed=110036, intensity=MEDIUM)...
Layering attack: synthetic_identity_bustout (seed=110037, intensity=MEDIUM)...
Layering attack: synthetic_identity_bustout (seed=110038, intensity=MEDIUM)...
Layering attack: synthetic_identity_bustout (seed=110039, intensity=MEDIUM)...
Layering attack: subthreshold_fragmentation (seed=111000, intensity=MEDIUM)...
Layering attack: subthreshold_fragmentation (seed=111001, intensity=MEDIUM)...
Layering attack: subthreshold_fragmentation (seed=111002, intensity=MEDIUM)...
Layering attack: subthreshold_fragmentation (seed=111003, intensity=MEDIUM)...
Layering attack: subthreshold_fragmentation (seed=111004, intensity=MEDIUM)...
Layering attack: subthreshold_fragmentation (seed=111005, intensity=MEDIUM)...
Layering attack: subthreshold_fragmentation (seed=111006, intensity=MEDIUM)...
Layering attack: subthreshold_fragmentation (seed=111007, intensity=MEDIUM)...
Layering attack: subthreshold_fragmentation (seed=111008, intensity=MEDIUM)...
Layering attack: subthreshold_fragmentation (seed=111009, intensity=MEDIUM)...
Layering attack: subthreshold_fragmentation (seed=111010, intensity=MEDIUM)...
Layering attack: subthreshold_fragmentation (seed=111011, intensity=MEDIUM)...
Layering attack: subthreshold_fragmentation (seed=111012, intensity=MEDIUM)...
Layering attack: subthreshold_fragmentation (seed=111013, intensity=MEDIUM)...
Layering attack: subthreshold_fragmentation (seed=111014, intensity=MEDIUM)...
Layering attack: subthreshold_fragmentation (seed=111015, intensity=MEDIUM)...
Layering attack: subthreshold_fragmentation (seed=111016, intensity=MEDIUM)...
Layering attack: subthreshold_fragmentation (seed=111017, intensity=MEDIUM)...
Layering attack: subthreshold_fragmentation (seed=111018, intensity=MEDIUM)...
Layering attack: subthreshold_fragmentation (seed=111019, intensity=MEDIUM)...
Layering attack: subthreshold_fragmentation (seed=111020, intensity=MEDIUM)...
Layering attack: subthreshold_fragmentation (seed=111021, intensity=MEDIUM)...
Layering attack: subthreshold_fragmentation (seed=111022, intensity=MEDIUM)...
Layering attack: subthreshold_fragmentation (seed=111023, intensity=MEDIUM)...
Layering attack: subthreshold_fragmentation (seed=111024, intensity=MEDIUM)...
Layering attack: subthreshold_fragmentation (seed=111025, intensity=MEDIUM)...
Layering attack: subthreshold_fragmentation (seed=111026, intensity=MEDIUM)...
Layering attack: subthreshold_fragmentation (seed=111027, intensity=MEDIUM)...
Layering attack: subthreshold_fragmentation (seed=111028, intensity=MEDIUM)...
Layering attack: subthreshold_fragmentation (seed=111029, intensity=MEDIUM)...
Layering attack: subthreshold_fragmentation (seed=111030, intensity=MEDIUM)...
Layering attack: subthreshold_fragmentation (seed=111031, intensity=MEDIUM)...
Layering attack: subthreshold_fragmentation (seed=111032, intensity=MEDIUM)...
Layering attack: subthreshold_fragmentation (seed=111033, intensity=MEDIUM)...
Layering attack: subthreshold_fragmentation (seed=111034, intensity=MEDIUM)...
Layering attack: subthreshold_fragmentation (seed=111035, intensity=MEDIUM)...
Layering attack: subthreshold_fragmentation (seed=111036, intensity=MEDIUM)...
Layering attack: subthreshold_fragmentation (seed=111037, intensity=MEDIUM)...
Layering attack: subthreshold_fragmentation (seed=111038, intensity=MEDIUM)...
Layering attack: subthreshold_fragmentation (seed=111039, intensity=MEDIUM)...
Layering attack: agentic_injection (seed=112000, intensity=MEDIUM)...
Layering attack: agentic_injection (seed=112001, intensity=MEDIUM)...
Layering attack: agentic_injection (seed=112002, intensity=MEDIUM)...
Layering attack: agentic_injection (seed=112003, intensity=MEDIUM)...
Layering attack: agentic_injection (seed=112004, intensity=MEDIUM)...
Layering attack: agentic_injection (seed=112005, intensity=MEDIUM)...
Layering attack: agentic_injection (seed=112006, intensity=MEDIUM)...
Layering attack: agentic_injection (seed=112007, intensity=MEDIUM)...
Layering attack: agentic_injection (seed=112008, intensity=MEDIUM)...
Layering attack: agentic_injection (seed=112009, intensity=MEDIUM)...
Layering attack: agentic_injection (seed=112010, intensity=MEDIUM)...
Layering attack: agentic_injection (seed=112011, intensity=MEDIUM)...
Layering attack: agentic_injection (seed=112012, intensity=MEDIUM)...
Layering attack: agentic_injection (seed=112013, intensity=MEDIUM)...
Layering attack: agentic_injection (seed=112014, intensity=MEDIUM)...
Layering attack: agentic_injection (seed=112015, intensity=MEDIUM)...
Layering attack: agentic_injection (seed=112016, intensity=MEDIUM)...
Layering attack: agentic_injection (seed=112017, intensity=MEDIUM)...
Layering attack: agentic_injection (seed=112018, intensity=MEDIUM)...
Layering attack: agentic_injection (seed=112019, intensity=MEDIUM)...
Layering attack: agentic_injection (seed=112020, intensity=MEDIUM)...
Layering attack: agentic_injection (seed=112021, intensity=MEDIUM)...
Layering attack: agentic_injection (seed=112022, intensity=MEDIUM)...
Layering attack: agentic_injection (seed=112023, intensity=MEDIUM)...
Layering attack: agentic_injection (seed=112024, intensity=MEDIUM)...
Layering attack: agentic_injection (seed=112025, intensity=MEDIUM)...
Layering attack: agentic_injection (seed=112026, intensity=MEDIUM)...
Layering attack: agentic_injection (seed=112027, intensity=MEDIUM)...
Layering attack: agentic_injection (seed=112028, intensity=MEDIUM)...
Layering attack: agentic_injection (seed=112029, intensity=MEDIUM)...
Layering attack: agentic_injection (seed=112030, intensity=MEDIUM)...
Layering attack: agentic_injection (seed=112031, intensity=MEDIUM)...
Layering attack: agentic_injection (seed=112032, intensity=MEDIUM)...
Layering attack: agentic_injection (seed=112033, intensity=MEDIUM)...
Layering attack: agentic_injection (seed=112034, intensity=MEDIUM)...
Layering attack: agentic_injection (seed=112035, intensity=MEDIUM)...
Layering attack: agentic_injection (seed=112036, intensity=MEDIUM)...
Layering attack: agentic_injection (seed=112037, intensity=MEDIUM)...
Layering attack: agentic_injection (seed=112038, intensity=MEDIUM)...
Layering attack: agentic_injection (seed=112039, intensity=MEDIUM)...
Layering attack: insider_abuse (seed=113000, intensity=MEDIUM)...
Layering attack: insider_abuse (seed=113001, intensity=MEDIUM)...
Layering attack: insider_abuse (seed=113002, intensity=MEDIUM)...
Layering attack: insider_abuse (seed=113003, intensity=MEDIUM)...
Layering attack: insider_abuse (seed=113004, intensity=MEDIUM)...
Layering attack: insider_abuse (seed=113005, intensity=MEDIUM)...
Layering attack: insider_abuse (seed=113006, intensity=MEDIUM)...
Layering attack: insider_abuse (seed=113007, intensity=MEDIUM)...
Layering attack: insider_abuse (seed=113008, intensity=MEDIUM)...
Layering attack: insider_abuse (seed=113009, intensity=MEDIUM)...
Layering attack: insider_abuse (seed=113010, intensity=MEDIUM)...
Layering attack: insider_abuse (seed=113011, intensity=MEDIUM)...
Layering attack: insider_abuse (seed=113012, intensity=MEDIUM)...
Layering attack: insider_abuse (seed=113013, intensity=MEDIUM)...
Layering attack: insider_abuse (seed=113014, intensity=MEDIUM)...
Layering attack: insider_abuse (seed=113015, intensity=MEDIUM)...
Layering attack: insider_abuse (seed=113016, intensity=MEDIUM)...
Layering attack: insider_abuse (seed=113017, intensity=MEDIUM)...
Layering attack: insider_abuse (seed=113018, intensity=MEDIUM)...
Layering attack: insider_abuse (seed=113019, intensity=MEDIUM)...
Layering attack: insider_abuse (seed=113020, intensity=MEDIUM)...
Layering attack: insider_abuse (seed=113021, intensity=MEDIUM)...
Layering attack: insider_abuse (seed=113022, intensity=MEDIUM)...
Layering attack: insider_abuse (seed=113023, intensity=MEDIUM)...
Layering attack: insider_abuse (seed=113024, intensity=MEDIUM)...
Layering attack: insider_abuse (seed=113025, intensity=MEDIUM)...
Layering attack: insider_abuse (seed=113026, intensity=MEDIUM)...
Layering attack: insider_abuse (seed=113027, intensity=MEDIUM)...
Layering attack: insider_abuse (seed=113028, intensity=MEDIUM)...
Layering attack: insider_abuse (seed=113029, intensity=MEDIUM)...
Layering attack: insider_abuse (seed=113030, intensity=MEDIUM)...
Layering attack: insider_abuse (seed=113031, intensity=MEDIUM)...
Layering attack: insider_abuse (seed=113032, intensity=MEDIUM)...
Layering attack: insider_abuse (seed=113033, intensity=MEDIUM)...
Layering attack: insider_abuse (seed=113034, intensity=MEDIUM)...
Layering attack: insider_abuse (seed=113035, intensity=MEDIUM)...
Layering attack: insider_abuse (seed=113036, intensity=MEDIUM)...
Layering attack: insider_abuse (seed=113037, intensity=MEDIUM)...
Layering attack: insider_abuse (seed=113038, intensity=MEDIUM)...
Layering attack: insider_abuse (seed=113039, intensity=MEDIUM)...
Total transactions after layering: 514750
Total labels after layering: 514750
Fraud prevalence: 3213/514750 (0.62%) -- lookalike: 3213/514750 (0.62%). Check this against stage5/config/settings.py's reasoning comment; adjust ATTACK_EXPANSION_FACTOR or STAGE5_N_CONSUMERS if it drifts far from ~1-5%.
Building final graph edges on the combined dataset...
Writing combined tables...
=== Stage 5 training dataset generation complete! ===
