Traceback (most recent call last):
  File "/home/sharkyi/Desktop/Chakravyuh/.venv/lib/python3.11/site-packages/pandas/core/indexes/base.py", line 3805, in get_loc
    return self._engine.get_loc(casted_key)
           ^^^^^^^^^^^^^^^^^^^^^^^^^^^^^^^^
  File "index.pyx", line 167, in pandas._libs.index.IndexEngine.get_loc
  File "index.pyx", line 196, in pandas._libs.index.IndexEngine.get_loc
  File "pandas/_libs/hashtable_class_helper.pxi", line 7081, in pandas._libs.hashtable.PyObjectHashTable.get_item
  File "pandas/_libs/hashtable_class_helper.pxi", line 7089, in pandas._libs.hashtable.PyObjectHashTable.get_item
KeyError: 'split'

The above exception was the direct cause of the following exception:

Traceback (most recent call last):
  File "<frozen runpy>", line 198, in _run_module_as_main
  File "<frozen runpy>", line 88, in _run_code
  File "/home/sharkyi/Desktop/Chakravyuh/stage5/training/run_all_generations.py", line 151, in <module>
    STAGES[args.stage]()
  File "/home/sharkyi/Desktop/Chakravyuh/stage5/training/run_all_generations.py", line 45, in run_baseline
    result = train_fraud_model(df)
             ^^^^^^^^^^^^^^^^^^^^^
  File "/home/sharkyi/Desktop/Chakravyuh/stage5/training/train_fraud_model.py", line 132, in train_fraud_model
    train_df = df[df["split"] == "train"].copy()
                  ~~^^^^^^^^^
  File "/home/sharkyi/Desktop/Chakravyuh/.venv/lib/python3.11/site-packages/pandas/core/frame.py", line 4102, in __getitem__
    indexer = self.columns.get_loc(key)
              ^^^^^^^^^^^^^^^^^^^^^^^^^
  File "/home/sharkyi/Desktop/Chakravyuh/.venv/lib/python3.11/site-packages/pandas/core/indexes/base.py", line 3812, in get_loc
    raise KeyError(key) from err
KeyError: 'split'
================================================================================
BASELINE TRAINING (pre-curriculum)
================================================================================
  510252 rows loaded
