=== [1/3] Gen 3 curriculum retraining (now actually trains on attack rows) ===
/home/sharkyi/Desktop/Chakravyuh/stage5/training/curriculum_retrain.py:177: FutureWarning: The behavior of DataFrame concatenation with empty or all-NA entries is deprecated. In a future version, this will no longer exclude empty or all-NA columns when determining the result dtypes. To retain the old behavior, exclude the relevant entries before the concat operation.
  training_df = pd.concat(concat_parts, ignore_index=True, sort=False)
/home/sharkyi/Desktop/Chakravyuh/.venv/lib/python3.11/site-packages/sklearn/metrics/_ranking.py:1174: UndefinedMetricWarning: No negative samples in y_true, false positive value should be meaningless
  warnings.warn(
/home/sharkyi/Desktop/Chakravyuh/.venv/lib/python3.11/site-packages/sklearn/metrics/_ranking.py:1174: UndefinedMetricWarning: No negative samples in y_true, false positive value should be meaningless
  warnings.warn(
================================================================================
GEN 3 PIPELINE
================================================================================
Computing sequential behavioral features...
Merging party/account features...
Merging graph features...
Merging target labels...
  514750 rows loaded

================================================================================
GEN 3 FULL PIPELINE: Analyst Feedback → Harder Attacks → Improved Detector
================================================================================

[STAGE 1] GENERATING GEN 3 ATTACKS
--------------------------------------------------------------------------------
Gen 3 targeting top features: ['edge_count', 'beneficiary_added_ago_s']

  Generating mule_network...

  Generating level_1_easy: Hide 1-2 features only
    Generated 500 variants

  Generating level_2_medium: Hide 2-3 features
    Generated 750 variants

  Generating level_3_hard: Hide 3-4 features
    Generated 1000 variants

  Generating level_4_extreme: Hide all top 5 features + add noise
    Generated 500 variants

  Generating adversarial_evasion...

  Generating level_1_easy: Hide 1-2 features only
    Generated 500 variants

  Generating level_2_medium: Hide 2-3 features
    Generated 750 variants

  Generating level_3_hard: Hide 3-4 features
    Generated 1000 variants

  Generating level_4_extreme: Hide all top 5 features + add noise
    Generated 500 variants

  Generating account_takeover...

  Generating level_1_easy: Hide 1-2 features only
    Generated 500 variants

  Generating level_2_medium: Hide 2-3 features
    Generated 750 variants

  Generating level_3_hard: Hide 3-4 features
    Generated 1000 variants

  Generating level_4_extreme: Hide all top 5 features + add noise
    Generated 500 variants

  ✓ Generated attacks for 3 families

[STAGE 2] CURRICULUM RETRAINING
--------------------------------------------------------------------------------

======================================================================
GEN3 CURRICULUM RETRAINING
======================================================================

  Baseline: gen3 attacks vs prior-generation model: 84.4% evasion (why we retrain)

[1/4] LEVEL_1_EASY
----------------------------------------------------------------------
  Training data size: 406023
    Original: 514750
    Analyst feedback: 0
    gen3 (train): 400   gen3 (held-out test): 100
    Retained from prior generations: 0

  Evaluation:
    Prior-gen evasion: 1.0% (should be near 0%)
    gen3 evasion: 0.0% (target <5%)

  Action: Target achieved (<5%), ready to deploy

======================================================================
CURRICULUM TRAINING COMPLETE
======================================================================
Best gen3 evasion achieved: 0.0%
Target: <5%
Status: PASS
Retained 400 gen3 attack rows for next generation's training
Log saved: stage5/data/gen3_pipeline/curriculum_log.json

  ✓ Retraining complete
    Best evasion achieved: 0.0%

[STAGE 3] EVALUATION & REPORTING
--------------------------------------------------------------------------------
  ✓ Evaluation report generated

======================================================================
GEN 3 ADVERSARIAL EVALUATION REPORT
======================================================================

EXECUTIVE SUMMARY
  analyst_feedback_collected: 0
  gen3_evasion_rate: 0.0%
  gen3_target: <5.0%
  status: PASS
  recommendation: Deploy Gen 3-trained model

EVASION METRICS
  gen3_attacks_on_prior_model: 84.4% (FAIL) -- Why we retrained
  gen3_attacks_on_gen3_model: 0.0% (PASS) -- After curriculum retraining

MODEL COMPARISON
  Gen 2 PR-AUC: 0.9982418537239546  |  Gen 3 PR-AUC: 1.0

CONCLUSION
  Status: PASS
  Recommendation: Deploy Gen 3-trained model
======================================================================

================================================================================
GEN 3 PIPELINE COMPLETE
================================================================================

Final Status: PASS
  Evasion Rate: 0.0%
  Target: <5.0%
  Improvement: ✓ Yes

Outputs saved to: stage5/data/gen3_pipeline
  Saved 400 retained attack rows to stage5/data/gen3_retained_attacks.parquet

  Gen 3 best evasion: 0.0%
GEN3 COMPLETE
