=== [1/5] Generating self-consistent synthetic dataset (reduced scale) ===
Reduced run: 15000 consumers, 600 merchants, 156 scenarios (13 families x 12)
=== Generating Stage 5 training dataset ===
Checking if baseline Stage 2 exists and matches settings at /home/sharkyi/Desktop/Chakravyuh/data/generated/stage5/baseline/stage2...
Generating Stage 1 baseline with n_consumers=15000...
Building Stage 2 baseline (generating graph edges)...
Baseline generation complete!
Layering attack: scam_induced_push (seed=101000, intensity=MEDIUM)...
Layering attack: scam_induced_push (seed=101001, intensity=MEDIUM)...
Layering attack: scam_induced_push (seed=101002, intensity=MEDIUM)...
Layering attack: scam_induced_push (seed=101003, intensity=MEDIUM)...
Layering attack: scam_induced_push (seed=101004, intensity=MEDIUM)...
Layering attack: scam_induced_push (seed=101005, intensity=MEDIUM)...
Layering attack: scam_induced_push (seed=101006, intensity=MEDIUM)...
Layering attack: scam_induced_push (seed=101007, intensity=MEDIUM)...
Layering attack: scam_induced_push (seed=101008, intensity=MEDIUM)...
Layering attack: scam_induced_push (seed=101009, intensity=MEDIUM)...
Layering attack: scam_induced_push (seed=101010, intensity=MEDIUM)...
Layering attack: scam_induced_push (seed=101011, intensity=MEDIUM)...
Layering attack: mule_network (seed=102000, intensity=MEDIUM)...
Layering attack: mule_network (seed=102001, intensity=MEDIUM)...
Layering attack: mule_network (seed=102002, intensity=MEDIUM)...
Layering attack: mule_network (seed=102003, intensity=MEDIUM)...
Layering attack: mule_network (seed=102004, intensity=MEDIUM)...
Layering attack: mule_network (seed=102005, intensity=MEDIUM)...
Layering attack: mule_network (seed=102006, intensity=MEDIUM)...
Layering attack: mule_network (seed=102007, intensity=MEDIUM)...
Layering attack: mule_network (seed=102008, intensity=MEDIUM)...
Layering attack: mule_network (seed=102009, intensity=MEDIUM)...
Layering attack: mule_network (seed=102010, intensity=MEDIUM)...
Layering attack: mule_network (seed=102011, intensity=MEDIUM)...
Layering attack: card_testing_probe (seed=103000, intensity=MEDIUM)...
Layering attack: card_testing_probe (seed=103001, intensity=MEDIUM)...
Layering attack: card_testing_probe (seed=103002, intensity=MEDIUM)...
Layering attack: card_testing_probe (seed=103003, intensity=MEDIUM)...
Layering attack: card_testing_probe (seed=103004, intensity=MEDIUM)...
Layering attack: card_testing_probe (seed=103005, intensity=MEDIUM)...
Layering attack: card_testing_probe (seed=103006, intensity=MEDIUM)...
Layering attack: card_testing_probe (seed=103007, intensity=MEDIUM)...
Layering attack: card_testing_probe (seed=103008, intensity=MEDIUM)...
Layering attack: card_testing_probe (seed=103009, intensity=MEDIUM)...
Layering attack: card_testing_probe (seed=103010, intensity=MEDIUM)...
Layering attack: card_testing_probe (seed=103011, intensity=MEDIUM)...
Layering attack: adversarial_evasion (seed=104000, intensity=MEDIUM)...
Layering attack: adversarial_evasion (seed=104001, intensity=MEDIUM)...
Layering attack: adversarial_evasion (seed=104002, intensity=MEDIUM)...
Layering attack: adversarial_evasion (seed=104003, intensity=MEDIUM)...
Layering attack: adversarial_evasion (seed=104004, intensity=MEDIUM)...
Layering attack: adversarial_evasion (seed=104005, intensity=MEDIUM)...
Layering attack: adversarial_evasion (seed=104006, intensity=MEDIUM)...
Layering attack: adversarial_evasion (seed=104007, intensity=MEDIUM)...
Layering attack: adversarial_evasion (seed=104008, intensity=MEDIUM)...
Layering attack: adversarial_evasion (seed=104009, intensity=MEDIUM)...
Layering attack: adversarial_evasion (seed=104010, intensity=MEDIUM)...
Layering attack: adversarial_evasion (seed=104011, intensity=MEDIUM)...
Layering attack: first_party_dispute (seed=105000, intensity=MEDIUM)...
Layering attack: first_party_dispute (seed=105001, intensity=MEDIUM)...
Layering attack: first_party_dispute (seed=105002, intensity=MEDIUM)...
Layering attack: first_party_dispute (seed=105003, intensity=MEDIUM)...
Layering attack: first_party_dispute (seed=105004, intensity=MEDIUM)...
Layering attack: first_party_dispute (seed=105005, intensity=MEDIUM)...
Layering attack: first_party_dispute (seed=105006, intensity=MEDIUM)...
Layering attack: first_party_dispute (seed=105007, intensity=MEDIUM)...
Layering attack: first_party_dispute (seed=105008, intensity=MEDIUM)...
Layering attack: first_party_dispute (seed=105009, intensity=MEDIUM)...
Layering attack: first_party_dispute (seed=105010, intensity=MEDIUM)...
Layering attack: first_party_dispute (seed=105011, intensity=MEDIUM)...
Layering attack: stealth_mandate (seed=106000, intensity=MEDIUM)...
Layering attack: stealth_mandate (seed=106001, intensity=MEDIUM)...
Layering attack: stealth_mandate (seed=106002, intensity=MEDIUM)...
Layering attack: stealth_mandate (seed=106003, intensity=MEDIUM)...
Layering attack: stealth_mandate (seed=106004, intensity=MEDIUM)...
Layering attack: stealth_mandate (seed=106005, intensity=MEDIUM)...
Layering attack: stealth_mandate (seed=106006, intensity=MEDIUM)...
Layering attack: stealth_mandate (seed=106007, intensity=MEDIUM)...
Layering attack: stealth_mandate (seed=106008, intensity=MEDIUM)...
Layering attack: stealth_mandate (seed=106009, intensity=MEDIUM)...
Layering attack: stealth_mandate (seed=106010, intensity=MEDIUM)...
Layering attack: stealth_mandate (seed=106011, intensity=MEDIUM)...
Layering attack: synthetic_merchant (seed=107000, intensity=MEDIUM)...
Layering attack: synthetic_merchant (seed=107001, intensity=MEDIUM)...
Layering attack: synthetic_merchant (seed=107002, intensity=MEDIUM)...
Layering attack: synthetic_merchant (seed=107003, intensity=MEDIUM)...
Layering attack: synthetic_merchant (seed=107004, intensity=MEDIUM)...
Layering attack: synthetic_merchant (seed=107005, intensity=MEDIUM)...
Layering attack: synthetic_merchant (seed=107006, intensity=MEDIUM)...
Layering attack: synthetic_merchant (seed=107007, intensity=MEDIUM)...
Layering attack: synthetic_merchant (seed=107008, intensity=MEDIUM)...
Layering attack: synthetic_merchant (seed=107009, intensity=MEDIUM)...
Layering attack: synthetic_merchant (seed=107010, intensity=MEDIUM)...
Layering attack: synthetic_merchant (seed=107011, intensity=MEDIUM)...
Layering attack: transaction_laundering (seed=108000, intensity=MEDIUM)...
Layering attack: transaction_laundering (seed=108001, intensity=MEDIUM)...
Layering attack: transaction_laundering (seed=108002, intensity=MEDIUM)...
Layering attack: transaction_laundering (seed=108003, intensity=MEDIUM)...
Layering attack: transaction_laundering (seed=108004, intensity=MEDIUM)...
Layering attack: transaction_laundering (seed=108005, intensity=MEDIUM)...
Layering attack: transaction_laundering (seed=108006, intensity=MEDIUM)...
Layering attack: transaction_laundering (seed=108007, intensity=MEDIUM)...
Layering attack: transaction_laundering (seed=108008, intensity=MEDIUM)...
Layering attack: transaction_laundering (seed=108009, intensity=MEDIUM)...
Layering attack: transaction_laundering (seed=108010, intensity=MEDIUM)...
Layering attack: transaction_laundering (seed=108011, intensity=MEDIUM)...
Layering attack: credential_takeover (seed=109000, intensity=MEDIUM)...
Layering attack: credential_takeover (seed=109001, intensity=MEDIUM)...
Layering attack: credential_takeover (seed=109002, intensity=MEDIUM)...
Layering attack: credential_takeover (seed=109003, intensity=MEDIUM)...
Layering attack: credential_takeover (seed=109004, intensity=MEDIUM)...
Layering attack: credential_takeover (seed=109005, intensity=MEDIUM)...
Layering attack: credential_takeover (seed=109006, intensity=MEDIUM)...
Layering attack: credential_takeover (seed=109007, intensity=MEDIUM)...
Layering attack: credential_takeover (seed=109008, intensity=MEDIUM)...
Layering attack: credential_takeover (seed=109009, intensity=MEDIUM)...
Layering attack: credential_takeover (seed=109010, intensity=MEDIUM)...
Layering attack: credential_takeover (seed=109011, intensity=MEDIUM)...
Layering attack: synthetic_identity_bustout (seed=110000, intensity=MEDIUM)...
Layering attack: synthetic_identity_bustout (seed=110001, intensity=MEDIUM)...
Layering attack: synthetic_identity_bustout (seed=110002, intensity=MEDIUM)...
Layering attack: synthetic_identity_bustout (seed=110003, intensity=MEDIUM)...
Layering attack: synthetic_identity_bustout (seed=110004, intensity=MEDIUM)...
Layering attack: synthetic_identity_bustout (seed=110005, intensity=MEDIUM)...
Layering attack: synthetic_identity_bustout (seed=110006, intensity=MEDIUM)...
Layering attack: synthetic_identity_bustout (seed=110007, intensity=MEDIUM)...
Layering attack: synthetic_identity_bustout (seed=110008, intensity=MEDIUM)...
Layering attack: synthetic_identity_bustout (seed=110009, intensity=MEDIUM)...
Layering attack: synthetic_identity_bustout (seed=110010, intensity=MEDIUM)...
Layering attack: synthetic_identity_bustout (seed=110011, intensity=MEDIUM)...
Layering attack: subthreshold_fragmentation (seed=111000, intensity=MEDIUM)...
Layering attack: subthreshold_fragmentation (seed=111001, intensity=MEDIUM)...
Layering attack: subthreshold_fragmentation (seed=111002, intensity=MEDIUM)...
Layering attack: subthreshold_fragmentation (seed=111003, intensity=MEDIUM)...
Layering attack: subthreshold_fragmentation (seed=111004, intensity=MEDIUM)...
Layering attack: subthreshold_fragmentation (seed=111005, intensity=MEDIUM)...
Layering attack: subthreshold_fragmentation (seed=111006, intensity=MEDIUM)...
Layering attack: subthreshold_fragmentation (seed=111007, intensity=MEDIUM)...
Layering attack: subthreshold_fragmentation (seed=111008, intensity=MEDIUM)...
Layering attack: subthreshold_fragmentation (seed=111009, intensity=MEDIUM)...
Layering attack: subthreshold_fragmentation (seed=111010, intensity=MEDIUM)...
Layering attack: subthreshold_fragmentation (seed=111011, intensity=MEDIUM)...
Layering attack: agentic_injection (seed=112000, intensity=MEDIUM)...
Layering attack: agentic_injection (seed=112001, intensity=MEDIUM)...
Layering attack: agentic_injection (seed=112002, intensity=MEDIUM)...
Layering attack: agentic_injection (seed=112003, intensity=MEDIUM)...
Layering attack: agentic_injection (seed=112004, intensity=MEDIUM)...
Layering attack: agentic_injection (seed=112005, intensity=MEDIUM)...
Layering attack: agentic_injection (seed=112006, intensity=MEDIUM)...
Layering attack: agentic_injection (seed=112007, intensity=MEDIUM)...
Layering attack: agentic_injection (seed=112008, intensity=MEDIUM)...
Layering attack: agentic_injection (seed=112009, intensity=MEDIUM)...
Layering attack: agentic_injection (seed=112010, intensity=MEDIUM)...
Layering attack: agentic_injection (seed=112011, intensity=MEDIUM)...
Layering attack: insider_abuse (seed=113000, intensity=MEDIUM)...
Layering attack: insider_abuse (seed=113001, intensity=MEDIUM)...
Layering attack: insider_abuse (seed=113002, intensity=MEDIUM)...
Layering attack: insider_abuse (seed=113003, intensity=MEDIUM)...
Layering attack: insider_abuse (seed=113004, intensity=MEDIUM)...
Layering attack: insider_abuse (seed=113005, intensity=MEDIUM)...
Layering attack: insider_abuse (seed=113006, intensity=MEDIUM)...
Layering attack: insider_abuse (seed=113007, intensity=MEDIUM)...
Layering attack: insider_abuse (seed=113008, intensity=MEDIUM)...
Layering attack: insider_abuse (seed=113009, intensity=MEDIUM)...
Layering attack: insider_abuse (seed=113010, intensity=MEDIUM)...
Layering attack: insider_abuse (seed=113011, intensity=MEDIUM)...
Total transactions after layering: 510252
Total labels after layering: 510252
Fraud prevalence: 964/510252 (0.19%) -- lookalike: 964/510252 (0.19%). Check this against stage5/config/settings.py's reasoning comment; adjust ATTACK_EXPANSION_FACTOR or STAGE5_N_CONSUMERS if it drifts far from ~1-5%.
Building final graph edges on the combined dataset...
Writing combined tables...
=== Stage 5 training dataset generation complete! ===
error: gpg failed to sign the data:
[GNUPG:] KEY_CONSIDERED 8075A6514722A4E8BCCC44D7741232514031ED64 2
[GNUPG:] BEGIN_SIGNING H10
[GNUPG:] PINENTRY_LAUNCHED 184083 gnome3 1.2.1 - - :1 - 1000/1000 -
gpg: signing failed: Timeout
[GNUPG:] FAILURE sign 83886142
gpg: signing failed: Timeout

fatal: failed to write commit object
Nothing to commit for: Generate reduced-scale single-simulator training dataset
Everything up-to-date
=== [2/5] Baseline training ===
=== Training Stage 5 Primary Fraud Model ===
Loading combined dataset...
Computing sequential behavioral features...
Merging party/account features...
Merging graph features...
Merging target labels...
Splitting dataset temporally (train/validation/test)...
Train size: 302901, Val size: 99054, Test size: 108297 (held-out family rows: 91)
Saving final model artifacts to /home/sharkyi/Desktop/Chakravyuh/stage5/models...
=== Model training and saving complete! ===
error: gpg failed to sign the data:
[GNUPG:] KEY_CONSIDERED 8075A6514722A4E8BCCC44D7741232514031ED64 2
[GNUPG:] BEGIN_SIGNING H10
[GNUPG:] PINENTRY_LAUNCHED 185306 gnome3 1.2.1 - - :1 - 1000/1000 -
gpg: signing failed: Timeout
[GNUPG:] FAILURE sign 83886142
gpg: signing failed: Timeout

fatal: failed to write commit object
Nothing to commit for: Train baseline fraud model on synthetic dataset
Everything up-to-date
=== [3/5] Gen 3 curriculum retraining ===
Traceback (most recent call last):
  File "/home/sharkyi/Desktop/Chakravyuh/.venv/lib/python3.11/site-packages/pandas/core/indexes/base.py", line 3805, in get_loc
    return self._engine.get_loc(casted_key)
           ^^^^^^^^^^^^^^^^^^^^^^^^^^^^^^^^
  File "index.pyx", line 167, in pandas._libs.index.IndexEngine.get_loc
  File "index.pyx", line 196, in pandas._libs.index.IndexEngine.get_loc
  File "pandas/_libs/hashtable_class_helper.pxi", line 7081, in pandas._libs.hashtable.PyObjectHashTable.get_item
  File "pandas/_libs/hashtable_class_helper.pxi", line 7089, in pandas._libs.hashtable.PyObjectHashTable.get_item
KeyError: 'split'

The above exception was the direct cause of the following exception:

Traceback (most recent call last):
  File "<frozen runpy>", line 198, in _run_module_as_main
  File "<frozen runpy>", line 88, in _run_code
  File "/home/sharkyi/Desktop/Chakravyuh/stage5/training/run_all_generations.py", line 151, in <module>
    STAGES[args.stage]()
  File "/home/sharkyi/Desktop/Chakravyuh/stage5/training/run_all_generations.py", line 45, in run_baseline
    result = train_fraud_model(df)
             ^^^^^^^^^^^^^^^^^^^^^
  File "/home/sharkyi/Desktop/Chakravyuh/stage5/training/train_fraud_model.py", line 132, in train_fraud_model
    train_df = df[df["split"] == "train"].copy()
                  ~~^^^^^^^^^
  File "/home/sharkyi/Desktop/Chakravyuh/.venv/lib/python3.11/site-packages/pandas/core/frame.py", line 4102, in __getitem__
    indexer = self.columns.get_loc(key)
              ^^^^^^^^^^^^^^^^^^^^^^^^^
  File "/home/sharkyi/Desktop/Chakravyuh/.venv/lib/python3.11/site-packages/pandas/core/indexes/base.py", line 3812, in get_loc
    raise KeyError(key) from err
KeyError: 'split'
================================================================================
BASELINE TRAINING (pre-curriculum)
================================================================================
  510252 rows loaded
error: gpg failed to sign the data:
[GNUPG:] KEY_CONSIDERED 8075A6514722A4E8BCCC44D7741232514031ED64 2
[GNUPG:] BEGIN_SIGNING H10
[GNUPG:] PINENTRY_LAUNCHED 185445 gnome3 1.2.1 - - :1 - 1000/1000 -
gpg: signing failed: Timeout
[GNUPG:] FAILURE sign 83886142
gpg: signing failed: Timeout

fatal: failed to write commit object
Nothing to commit for: Save baseline model artifacts for curriculum retraining
Everything up-to-date
Traceback (most recent call last):
  File "<frozen runpy>", line 198, in _run_module_as_main
  File "<frozen runpy>", line 88, in _run_code
  File "/home/sharkyi/Desktop/Chakravyuh/stage5/training/run_all_generations.py", line 151, in <module>
    STAGES[args.stage]()
  File "/home/sharkyi/Desktop/Chakravyuh/stage5/training/run_all_generations.py", line 62, in run_gen3
    gen2_model = joblib.load(OUT_DIR / "baseline_model.pkl")
                 ^^^^^^^^^^^^^^^^^^^^^^^^^^^^^^^^^^^^^^^^^^^
  File "/home/sharkyi/Desktop/Chakravyuh/.venv/lib/python3.11/site-packages/joblib/numpy_pickle.py", line 650, in load
    with open(filename, 'rb') as f:
         ^^^^^^^^^^^^^^^^^^^^
FileNotFoundError: [Errno 2] No such file or directory: 'stage5/data/baseline_model.pkl'
================================================================================
GEN 3 PIPELINE
================================================================================
  510252 rows loaded
error: gpg failed to sign the data:
[GNUPG:] KEY_CONSIDERED 8075A6514722A4E8BCCC44D7741232514031ED64 2
[GNUPG:] BEGIN_SIGNING H10
[GNUPG:] PINENTRY_LAUNCHED 185572 gnome3 1.2.1 - - :1 - 1000/1000 -
gpg: signing failed: Timeout
[GNUPG:] FAILURE sign 83886142
gpg: signing failed: Timeout

fatal: failed to write commit object
Nothing to commit for: Run Gen 3 curriculum retraining
Everything up-to-date
=== [4/5] Gen 4 curriculum retraining ===
Traceback (most recent call last):
  File "<frozen runpy>", line 198, in _run_module_as_main
  File "<frozen runpy>", line 88, in _run_code
  File "/home/sharkyi/Desktop/Chakravyuh/stage5/training/run_all_generations.py", line 151, in <module>
    STAGES[args.stage]()
  File "/home/sharkyi/Desktop/Chakravyuh/stage5/training/run_all_generations.py", line 92, in run_gen4
    gen3_model = joblib.load(OUT_DIR / "gen3_model.pkl")
                 ^^^^^^^^^^^^^^^^^^^^^^^^^^^^^^^^^^^^^^^
  File "/home/sharkyi/Desktop/Chakravyuh/.venv/lib/python3.11/site-packages/joblib/numpy_pickle.py", line 650, in load
    with open(filename, 'rb') as f:
         ^^^^^^^^^^^^^^^^^^^^
FileNotFoundError: [Errno 2] No such file or directory: 'stage5/data/gen3_model.pkl'
================================================================================
GEN 4 PIPELINE
================================================================================
  510252 rows loaded
error: gpg failed to sign the data:
[GNUPG:] KEY_CONSIDERED 8075A6514722A4E8BCCC44D7741232514031ED64 2
[GNUPG:] BEGIN_SIGNING H10
[GNUPG:] PINENTRY_LAUNCHED 185698 gnome3 1.2.1 - - :1 - 1000/1000 -
gpg: signing failed: Timeout
[GNUPG:] FAILURE sign 83886142
gpg: signing failed: Timeout

fatal: failed to write commit object
Nothing to commit for: Run Gen 4 curriculum retraining
Everything up-to-date
=== [5/5] Gen 5 curriculum retraining ===
Traceback (most recent call last):
  File "<frozen runpy>", line 198, in _run_module_as_main
  File "<frozen runpy>", line 88, in _run_code
  File "/home/sharkyi/Desktop/Chakravyuh/stage5/training/run_all_generations.py", line 151, in <module>
    STAGES[args.stage]()
  File "/home/sharkyi/Desktop/Chakravyuh/stage5/training/run_all_generations.py", line 121, in run_gen5
    gen4_model = joblib.load(OUT_DIR / "gen4_model.pkl")
                 ^^^^^^^^^^^^^^^^^^^^^^^^^^^^^^^^^^^^^^^
  File "/home/sharkyi/Desktop/Chakravyuh/.venv/lib/python3.11/site-packages/joblib/numpy_pickle.py", line 650, in load
    with open(filename, 'rb') as f:
         ^^^^^^^^^^^^^^^^^^^^
FileNotFoundError: [Errno 2] No such file or directory: 'stage5/data/gen4_model.pkl'
================================================================================
GEN 5 PIPELINE
================================================================================
  510252 rows loaded
error: gpg failed to sign the data:
[GNUPG:] KEY_CONSIDERED 8075A6514722A4E8BCCC44D7741232514031ED64 2
[GNUPG:] BEGIN_SIGNING H10
[GNUPG:] PINENTRY_LAUNCHED 185841 gnome3 1.2.1 - - :1 - 1000/1000 -
gpg: signing failed: Timeout
[GNUPG:] FAILURE sign 83886142
gpg: signing failed: Timeout

fatal: failed to write commit object
Nothing to commit for: Run Gen 5 curriculum retraining
Everything up-to-date
=== ALL STAGES COMPLETE ===
