/home/sharkyi/Desktop/Chakravyuh/stage5/training/curriculum_retrain.py:186: FutureWarning: The behavior of DataFrame concatenation with empty or all-NA entries is deprecated. In a future version, this will no longer exclude empty or all-NA columns when determining the result dtypes. To retain the old behavior, exclude the relevant entries before the concat operation.
  training_df = pd.concat(concat_parts, ignore_index=True, sort=False)
/home/sharkyi/Desktop/Chakravyuh/stage5/training/curriculum_retrain.py:186: FutureWarning: The behavior of DataFrame concatenation with empty or all-NA entries is deprecated. In a future version, this will no longer exclude empty or all-NA columns when determining the result dtypes. To retain the old behavior, exclude the relevant entries before the concat operation.
  training_df = pd.concat(concat_parts, ignore_index=True, sort=False)
/home/sharkyi/Desktop/Chakravyuh/stage5/training/curriculum_retrain.py:186: FutureWarning: The behavior of DataFrame concatenation with empty or all-NA entries is deprecated. In a future version, this will no longer exclude empty or all-NA columns when determining the result dtypes. To retain the old behavior, exclude the relevant entries before the concat operation.
  training_df = pd.concat(concat_parts, ignore_index=True, sort=False)
/home/sharkyi/Desktop/Chakravyuh/stage5/training/curriculum_retrain.py:186: FutureWarning: The behavior of DataFrame concatenation with empty or all-NA entries is deprecated. In a future version, this will no longer exclude empty or all-NA columns when determining the result dtypes. To retain the old behavior, exclude the relevant entries before the concat operation.
  training_df = pd.concat(concat_parts, ignore_index=True, sort=False)
================================================================================
GEN 5 PIPELINE
================================================================================
Computing sequential behavioral features...
Merging party/account features...
Merging graph features...
Merging target labels...
  514750 rows loaded

================================================================================
GEN 5 FINAL PIPELINE: Multi-Family Cross-Attacks → Retrain → Production Ready
================================================================================

[STAGE 1] GENERATING GEN 5 MULTI-FAMILY ATTACKS
--------------------------------------------------------------------------------

  Generating multi-family attacks (6 cross-family specs)...

Generating Gen 5 multi-family attacks (6 cross-family specs)

  level_1_simple_cross_family: 2-family cross-attack (mule + testing)
    Generated 300 multi-family variants

  level_2_moderate_cross_family: 2-family combinations with more sophisticated mixing
    Generated 400 multi-family variants

  level_3_complex_cross_family: 3-family combinations (takeover + testing + evasion)
    Generated 500 multi-family variants

  level_4_extreme_cross_family: 3+ family combinations with adversarial timing
    Generated 400 multi-family variants
  ✓ Generated 1600 multi-family attack variants
    Estimated evasion on Gen 4 model: 0.5%

[STAGE 2] CURRICULUM RETRAINING ON MULTI-FAMILY ATTACKS
--------------------------------------------------------------------------------

  Retraining on Gen 5 multi-family attacks...

  Carrying forward 3000 retained attack rows from prior generations

======================================================================
GEN5 CURRICULUM RETRAINING
======================================================================

  Baseline: gen5 attacks vs prior-generation model: 0.5% evasion (why we retrain)

[1/4] LEVEL_1_SIMPLE_CROSS_FAMILY
----------------------------------------------------------------------
  Training data size: 408763
    Original: 514750
    Analyst feedback: 0
    gen5 (train, cumulative through this level): 240   gen5 (held-out test, cumulative): 60
    Retained from prior generations: 3000

  Evaluation:
    Prior-gen evasion: 0.0% (should be near 0%)
    gen5 evasion: 0.0% (target <25%)

  Action: target already met on cumulative set; continuing to level_2_moderate_cross_family for full curriculum coverage

[2/4] LEVEL_2_MODERATE_CROSS_FAMILY
----------------------------------------------------------------------
  Training data size: 409083
    Original: 514750
    Analyst feedback: 0
    gen5 (train, cumulative through this level): 560   gen5 (held-out test, cumulative): 140
    Retained from prior generations: 3000

  Evaluation:
    Prior-gen evasion: 0.0% (should be near 0%)
    gen5 evasion: 0.0% (target <25%)

  Action: target already met on cumulative set; continuing to level_3_complex_cross_family for full curriculum coverage

[3/4] LEVEL_3_COMPLEX_CROSS_FAMILY
----------------------------------------------------------------------
  Training data size: 409483
    Original: 514750
    Analyst feedback: 0
    gen5 (train, cumulative through this level): 960   gen5 (held-out test, cumulative): 240
    Retained from prior generations: 3000

  Evaluation:
    Prior-gen evasion: 0.0% (should be near 0%)
    gen5 evasion: 0.0% (target <25%)

  Action: target already met on cumulative set; continuing to level_4_extreme_cross_family for full curriculum coverage

[4/4] LEVEL_4_EXTREME_CROSS_FAMILY
----------------------------------------------------------------------
  Training data size: 409803
    Original: 514750
    Analyst feedback: 0
    gen5 (train, cumulative through this level): 1280   gen5 (held-out test, cumulative): 320
    Retained from prior generations: 3000

  Evaluation:
    Prior-gen evasion: 0.0% (should be near 0%)
    gen5 evasion: 0.0% (target <25%)

  Action: Final level reached

======================================================================
CURRICULUM TRAINING COMPLETE
======================================================================
Best gen5 evasion achieved: 0.0%
Target: <25%
Status: PASS
Retained 1280 gen5 attack rows for next generation's training
Log saved: stage5/data/gen5_pipeline/curriculum_log.json

  ✓ Retraining complete
    Best evasion achieved: 0.0%

[STAGE 3] EVALUATION & REPORTING
--------------------------------------------------------------------------------
  ✓ Evaluation report generated

======================================================================
GEN 5 MULTI-FAMILY ADVERSARIAL EVALUATION REPORT
======================================================================

EXECUTIVE SUMMARY
  gen5_evasion_rate: 0.0%
  gen5_target: <25.0%
  status: PRODUCTION_READY
  recommendation: Deploy to production

EVASION METRICS
  gen5_attacks_on_gen4_model: 0.5% (PASS) -- Why we retrain on Gen 5
  gen5_attacks_on_gen5_model: 0.0% (PASS) -- After multi-family retraining

PRODUCTION READINESS
  cross_family_attacks: Tested
  metrics_source: real train_fraud_model() evaluation, not simulated
  status: PRODUCTION_READY
======================================================================

================================================================================
GEN 5 PIPELINE COMPLETE — PRODUCTION DEPLOYMENT READY
================================================================================

Final Status: PRODUCTION_READY
  Evasion Rate: 0.0%
  Target: <25.0%
  Gen 4 model on these Gen 5 attacks (before retraining): 0.5%
  Gen 5 model on these attacks (after retraining):        0.0%

Outputs saved to: stage5/data/gen5_pipeline

Recommendation: DEPLOY TO PRODUCTION
  Saved 1280 retained attack rows to stage5/data/gen5_retained_attacks.parquet

  Gen 5 evasion rate: 0.0%
  Promoted Gen 5 model to /home/sharkyi/Desktop/Chakravyuh/stage5/models for live inference
GEN5 COMPLETE
