
> chakravyuh-web@0.1.0 deploy
> opennextjs-cloudflare build && opennextjs-cloudflare deploy


┌─────────────────────────────┐
│ OpenNext — Cloudflare build │
└─────────────────────────────┘

App directory: /home/sharkyi/Desktop/Chakravyuh/web/next-app
Next.js version : 15.5.23
@opennextjs/cloudflare version: 1.20.2
@opennextjs/aws version: 4.1.0
workerd compatibility_date: 2026-08-22

┌─────────────────────────────────┐
│ OpenNext — Building Next.js app │
└─────────────────────────────────┘


> chakravyuh-web@0.1.0 build
> next build

   ▲ Next.js 15.5.23

   Creating an optimized production build ...
 ✓ Compiled successfully in 1282ms
   Linting and checking validity of types ...
   Collecting page data ...
   Generating static pages (0/6) ...
   Generating static pages (1/6) 
   Generating static pages (2/6) 
   Generating static pages (4/6) 
 ✓ Generating static pages (6/6)
   Finalizing page optimization ...
   Collecting build traces ...

Route (app)                                 Size  First Load JS
┌ ○ /                                    59.3 kB         162 kB
├ ○ /_not-found                            994 B         104 kB
├ ○ /analyst-feedback                    4.37 kB         107 kB
└ ○ /icon.png                                0 B            0 B
+ First Load JS shared by all             103 kB
  ├ chunks/255-87552e6e05b8e3aa.js       46.4 kB
  ├ chunks/4bd1b696-c023c6e3521b1417.js  54.2 kB
  └ other shared chunks (total)           1.9 kB


○  (Static)  prerendered as static content


┌──────────────────────────────┐
│ OpenNext — Generating bundle │
└──────────────────────────────┘

Bundling middleware function...
Bundling static assets...
Bundling cache assets...
Building server function: default...
Applying code patches: 2.270s
# copyPackageTemplateFiles
[35m⚙️ Bundling the OpenNext server...
[0m
[35mWorker saved in `.open-next/worker.js` 🚀
[0m
OpenNext build complete.

┌──────────────────────────────┐
│ OpenNext — Cloudflare deploy │
└──────────────────────────────┘

Incremental cache does not need populating
Tag cache does not need populating

 ⛅️ wrangler 4.125.0
────────────────────
🌀 Building list of assets...
✨ Read 27 files from the assets directory /home/sharkyi/Desktop/Chakravyuh/web/next-app/.open-next/assets
🌀 Starting asset upload...
🌀 Found 8 new or modified static assets to upload. Proceeding with upload...
+ /BUILD_ID
+ /_next/static/5toib_wNMkbMyhek69CvC/_buildManifest.js
+ /_next/static/css/a8037f4bfd17dc06.css
+ /_next/static/chunks/app/layout-98e821778b628827.js
+ /_next/static/chunks/app/_not-found/page-e1bc749500cc85d3.js
+ /_next/static/chunks/app/page-12408a0e898f4bc5.js
+ /_next/static/chunks/main-app-95c854283748d395.js
+ /_next/static/chunks/app/analyst-feedback/page-283e7c9f866f67d1.js
Uploaded 3 of 8 assets
Uploaded 6 of 8 assets
Uploaded 8 of 8 assets
✨ Success! Uploaded 8 files (10 already uploaded) (2.86 sec)

Total Upload: 4745.32 KiB / gzip: 1184.10 KiB
Worker Startup Time: 29 ms
Your Worker has access to the following bindings:
Binding                                                     Resource                  
env.ASSETS                                                  Assets                    
env.NEXT_PUBLIC_API_BASE_URL ("http://localhost:8000")      Environment Variable      

Uploaded chakravyuh-web (72.36 sec)
Deployed chakravyuh-web triggers (4.87 sec)
  https://chakravyuh-web.chatbot-sockscarving.workers.dev
Current Version ID: 17811f74-6166-4bc1-bbfb-137f22d112a9
(node:144050) [DEP0190] DeprecationWarning: Passing args to a child process with shell option true can lead to security vulnerabilities, as the arguments are not escaped, only concatenated.
(Use `node --trace-deprecation ...` to show where the warning was created)
